---
source: metadata.rs
expression: "WireDirectoryMetadata::arbitrary(&mut g)"

---
{}
