---
source: commit.rs
expression: "WireFetchSnapshotResponse :: arbitrary(& mut g)"
---
{"2":[["aiffeu/uatbfkh/jkleav",{"5":[{"1":{"1":{"4":[96,254,202,4,46,38,85,25,36,58,55,101,239,1,100,81,21,29,1,4]},"3":6325243916544195815}},"3",["gdqp/nhxnr/ixfpat/mw",18446744073709551615]]}]],"4":5294005526868283990,"5":-1808809550,"6":14415315640882124868,"7":[""]}
